/------------------------------\
|u and sometimes  y            |
|io                            |
|                              |
|ae                            |
|                              |
|                              |
|                              |
|                              |
|                              |
|                              |
\------------------------------/
