/------------------------------\
|                      abcdefgh|
|                     abcdefghi|
|                    abcdefghij|
|                   abcdefghijk|
|                  abcdefghijkl|
|                 abcdefghijklm|
|                abcdefghijklmn|
|               abcdefghijklmno|
|              abcdefghijklmnop|
|             abcdefghijklmnopq|
\------------------------------/
